PyTorch 2.14.0+cu130 | 设备: cuda | GPU: NVIDIA GeForce RTX 5060 Ti | capability sm_120
语料 2163 字符 | 词表大小 V = 699
模型参数量: 502,656 | 配置: n_layer=2 n_head=4 n_embd=128 block=128 pos=有
step     1/1000 | loss 6.5626 | 2.33 it/s | 预计剩余 429s
step   100/1000 | loss 5.3670 | 103.15 it/s | 预计剩余 9s
step   200/1000 | loss 4.4633 | 135.16 it/s | 预计剩余 6s
step   300/1000 | loss 3.6690 | 150.30 it/s | 预计剩余 5s
step   400/1000 | loss 3.0215 | 160.76 it/s | 预计剩余 4s
step   500/1000 | loss 2.4654 | 167.02 it/s | 预计剩余 3s
step   600/1000 | loss 1.8986 | 171.92 it/s | 预计剩余 2s
step   700/1000 | loss 1.5244 | 175.62 it/s | 预计剩余 2s
step   800/1000 | loss 1.0900 | 178.24 it/s | 预计剩余 1s
step   900/1000 | loss 0.8023 | 178.20 it/s | 预计剩余 1s
step  1000/1000 | loss 0.6444 | 180.10 it/s | 预计剩余 0s
训练完成，耗时 5.6 秒 = 0.09 分钟 | 初始 loss 6.5626 | 最终 loss 0.6444 | 前 100 步均值 5.8776
已保存 loss_curve_L2_E128_lr0.0001.png
================================================================
生成示例「春」#1  (temperature=1.0, top_k=20)
春野阔，月涌大江流。白风岸，渚清上踏歌。不尽长江上催。飞高中原上后，独怜酒夜舟。人国破山。孙去不教胡马齐遥看红湿处，花间，独在青山。
锄禾下三月笼寒山。
淮近高猿啸哀，夜泊秦时明月汉时寥，多少，泊秦时节，路。
江润物细草云变古今玉壶。
花三人。
千里目，草木深林人愁日寂寥，寒雨知亡国破山鸟，明年绿，王师北风潜入夜，花。
烟花重锦官城日当午，立上。羌笛鸡豚。
杨柳满别情。遥看近酒，万里，遍插茱时波江春
================================================================
生成示例「春」#2  (temperature=1.0, top_k=20)
春落知多烦忧。
千红总是银盘里黄风吹雁飞开，万里晴川。
半钟声到客船。
清明月来。两个黄鹤楼，烟花三月落乌啼不及影泗水东流。
无边不见长江寒山相亲。
日暮乡为有，闻人欲行，独酌无树，开，鹅，鹅，立上杯酒家。来天歌。
苍竹林更尽，杳杳杳钟声晚。
小时同。

千尺，渭我去，昨日暮掩柴扉。泉闲桂花春草明萋萋萋鹦鹉洲。
小时节雨纷，忽西北风不见人。苍竹行花村。莫原日暮乡关高处有，牧童遥不见人。
折根原上歌上
================================================================
生成示例「月」#1  (temperature=1.0, top_k=20)
月，长江陵一白帝彩云白云间，。
葡萄美酒夜光杯，，欲镜未销，一日胜独云变古人上白云间一日销，西湖六月下时明月边光杯，，玉盘。
声啼不放寥。又送客，红豆生紫烟。
著花间多少行，遥看瀑布立上踏歌日出生悠悠悠。
花间，前，水春去，月下三月无穷千载，人上踏歌声。
湖望，大雪天过家。
晴乘舟蓑笠带雨，遥指杏花重水月下。
花村。
，野火对间，潭水深树，欲欲断水得清花下谁言秋风急天在青山知西边中。
清白日出西边雨
================================================================
生成示例「月」#2  (temperature=1.0, top_k=20)
月北风日远芳。
葡萄美酒夜光杯，闻郎江西边日销，落乌衣声。
寒山下，日还。
月下清万凿出西下。
独怜无死，
天下东风吹又生自古谁酒夜四周春好雨知塘一日无晴。今日多少片孤台面，时山上。
，花三月，万马度阴照香炉生。
月雨晚。
故人舟已过此地，今日苍竹林水更流，
一经，举杯消愁离行人泪相国红不见千载，轻尘，任尔东风吹又不怕，上春。
谁。
幽草足荣。
人。
巴山高处处，病树阴照总是人上踏歌。
九州。
郁孤
已保存 generated_L2_E128_lr0.0001.txt
