PyTorch 2.14.0+cpu | 设备: cpu | 线程数: 14
语料 2163 字符 | 词表大小 V = 699
模型参数量: 1,791,744 | 配置: n_layer=2 n_head=8 n_embd=256 block=128 pos=有
step     1/1000 | loss 6.6183 | 7.43 it/s | 预计剩余 134s
step   100/1000 | loss 0.6001 | 7.63 it/s | 预计剩余 118s
step   200/1000 | loss 0.0687 | 7.61 it/s | 预计剩余 105s
step   300/1000 | loss 0.0476 | 7.72 it/s | 预计剩余 91s
step   400/1000 | loss 0.0364 | 7.86 it/s | 预计剩余 76s
step   500/1000 | loss 0.0411 | 7.96 it/s | 预计剩余 63s
step   600/1000 | loss 0.0247 | 8.08 it/s | 预计剩余 50s
step   700/1000 | loss 0.0290 | 8.12 it/s | 预计剩余 37s
step   800/1000 | loss 0.0260 | 8.10 it/s | 预计剩余 25s
step   900/1000 | loss 0.0220 | 8.07 it/s | 预计剩余 12s
step  1000/1000 | loss 0.0259 | 8.04 it/s | 预计剩余 0s
训练完成，耗时 124.4 秒 = 2.07 分钟 | 初始 loss 6.6183 | 最终 loss 0.0259 | 前 100 步均值 3.3459
已保存 loss_curve_L2_E256_lr0.001.png
================================================================
生成示例「春」#1  (temperature=1.0, top_k=20)
春潮带雨晚来急，野渡无人舟自横。
天街小雨润如酥，草色遥看近却无。最是一年春好处，绝胜烟柳满皇都。
昔人已乘黄鹤去，此地空余黄鹤楼。黄鹤一去不复返，白云千载空悠悠。
晴川历历汉阳树，芳草萋萋鹦鹉洲。日暮乡关何处是，烟波江上使人愁。
客舍青青柳色新，渭城朝雨浥轻尘。劝君更尽一杯酒，西出阳关无故人。
寒雨连江夜入吴，平明送客楚山孤。洛阳亲友如相问，一片冰心在玉壶。
山光忽西落，池月渐东上。散发乘夕凉，开
================================================================
生成示例「春」#2  (temperature=1.0, top_k=20)
春好处，绝胜烟柳满皇都。
昔人已乘黄鹤去，此地空余黄鹤楼。黄鹤一去不复返，白云千载空悠悠。
晴川历历汉阳树，芳草萋萋鹦鹉洲。日暮乡关何处是，烟波江上使人愁。
客舍青青柳色新，渭城朝雨浥轻尘。劝君更尽一杯酒，西出阳关无故人。
寒雨连江夜入吴，平明送客楚山孤。洛阳亲友如相问，一片冰心在玉壶。
山光忽西落，池月渐东上。散发乘夕凉，开轩卧闲敞。
荷笠带斜阳，青山独归远。苍苍竹林寺，杳杳钟声晚。
空山不见人，
================================================================
生成示例「月」#1  (temperature=1.0, top_k=20)
月涌大江流。
风急天高猿啸哀，渚清沙白鸟飞回。无边落木萧萧下，不尽长江滚滚来。
花近高楼伤客心，万方多难此登临。锦江春色来天地，玉垒浮云变古今。
独怜幽草涧边生，上有黄鹂深树鸣。春潮带雨晚来急，野渡无人舟自横。
天街小雨润如酥，草色遥看近却无。最是一年春好处，绝胜烟柳满皇都。
昔人已乘黄鹤去，此地空余黄鹤楼。黄鹤一去不复返，白云千载空悠悠。
晴川历历汉阳树，芳草萋萋鹦鹉洲。日暮乡关何处是，烟波江上使
================================================================
生成示例「月」#2  (temperature=1.0, top_k=20)
月渐东上。散发乘夕凉，开轩卧闲敞。
荷笠带斜阳，青山独归远。苍苍竹林寺，杳杳钟声晚。
空山不见人，但闻人语响。返景入深林，复照青苔上。
人闲桂花落，夜静春山空。月出惊山鸟，时鸣春涧中。
红豆生南国，春来发几枝。愿君多采撷，此物最相思。
独坐幽篁里，弹琴复长啸。深林人不知，明月来相照。
君自故乡来，应知故乡事。来日绮窗前，寒梅著花未。
山中相送罢，日暮掩柴扉。春草明年绿，王孙归不归。
花间一壶酒，独酌
已保存 generated_L2_E256_lr0.001.txt
