PyTorch 2.14.0+cu130 | 设备: cuda | GPU: NVIDIA GeForce RTX 5060 Ti | capability sm_120
语料 2163 字符 | 词表大小 V = 699
模型参数量: 153,024 | 配置: n_layer=2 n_head=2 n_embd=64 block=128 pos=有
step     1/1000 | loss 6.5672 | 2.33 it/s | 预计剩余 429s
step   100/1000 | loss 3.4212 | 107.14 it/s | 预计剩余 8s
step   200/1000 | loss 1.4770 | 139.48 it/s | 预计剩余 6s
step   300/1000 | loss 0.4817 | 154.65 it/s | 预计剩余 5s
step   400/1000 | loss 0.2104 | 164.43 it/s | 预计剩余 4s
step   500/1000 | loss 0.1372 | 170.38 it/s | 预计剩余 3s
step   600/1000 | loss 0.0950 | 175.54 it/s | 预计剩余 2s
step   700/1000 | loss 0.0805 | 178.43 it/s | 预计剩余 2s
step   800/1000 | loss 0.0734 | 181.00 it/s | 预计剩余 1s
step   900/1000 | loss 0.0788 | 182.51 it/s | 预计剩余 1s
step  1000/1000 | loss 0.0515 | 184.48 it/s | 预计剩余 0s
训练完成，耗时 5.4 秒 = 0.09 分钟 | 初始 loss 6.5672 | 最终 loss 0.0515 | 前 100 步均值 4.8247
已保存 loss_curve_L2_E64_lr0.001.png
================================================================
生成示例「春」#1  (temperature=1.0, top_k=20)
春来风镜未磨。临行白鸟飞回。野径人踪灭。孤舟蓑笠翁，独钓寒江雪。
鹅，鹅，鹅，鹅，曲项向天歌。白毛浮绿水，红掌拨清波，一行白日心，一片。
两个黄鹂鸣翠柳，一行白鹭上青天。窗含西岭千秋雪，门泊东吴万里船。
朝辞白帝彩云间，千里江陵一日还。两岸猿声啼不住，轻舟已过万重山。
故人西辞黄鹤楼，烟花三月下扬州。孤帆远影碧空尽，危樯独夜苍竹林寺，杳杳钟声惜细山不见人踪灭。孤舟蓑笠徊。遥看望洞庭山孤舟蓑笠翁，独夜
================================================================
生成示例「春」#2  (temperature=1.0, top_k=20)
春来发几枝。愿君多采撷，此物最相思。
独坐幽篁里，弹琴复长啸。深林人不知，明月来相照。
君自故乡来，应知故乡事。来日绮窗前，寒梅著花未。
山中相送罢，日暮掩柴扉。春草明年绿，王孙归不归。
花间一壶酒，独鹉洲。日暮乡。上取丹心接征战几人学问，同。
郁孤荒城外寒水月汉时愁前空，任尔东风吹又送客楚水平明深。洛阳亲友。
楼。鸣语响。徘徊。利，道是无声惜细无晴柔。
晓看红香炉生自将欲饮琵琶马度阴照上催。醉卧沙
================================================================
生成示例「月」#1  (temperature=1.0, top_k=20)
月，明月，时节雨柔。
接天莲叶无穷碧，映日荷花别样红。毕竟西湖六月中，风光不与四时同。
胜日寻芳泗水滨，无边光景一时新。等闲识得东风放松，立上头万马立根原在破岩中。千磨万击还坚劲，任尔东西南北风。
千锤万凿出深山，烈火焚烧若等闲。粉骨碎身浑不怕，要躬行忘告乃翁，早有蜻蜓立上头。
浩荡离愁白日斜，吟鞭舍船。
巴山不怕，二十三年留取丹心。怀旧空吟鞭东指即天公重山不是无忘告乃发辛苦遭逢起一格迟迟迟迟归。谁
================================================================
生成示例「月」#2  (temperature=1.0, top_k=20)
月，池月渐东上。散发乘夕凉，开轩卧闲敞。
荷笠带斜阳，青山独归远。苍竹林寺，杳杳钟声晚。
空山不见人，但闻人语响。返景入深林，复照青苔上。
人闲桂花落，夜静春山空。月出惊山鸟，时鸣春涧中。
红豆生南国，春来发几枝。愿君多采撷，此物最相思。
独坐幽篁里，弹琴复长啸。深林人不知，明月来相照。
君自故乡来，应知故乡事。来日绮窗前，寒梅著花未。
山中相送罢，日暮掩柴扉。春草明年绿，王孙归不归。
花间一壶酒，
已保存 generated_L2_E64_lr0.001.txt
