PyTorch 2.14.0+cpu | 设备: cpu | 线程数: 14
语料 2163 字符 | 词表大小 V = 699
模型参数量: 490,368 | 配置: n_layer=2 n_head=4 n_embd=128 block=32 pos=有
step     1/1000 | loss 6.5748 | 45.44 it/s | 预计剩余 22s
step   100/1000 | loss 2.5438 | 89.02 it/s | 预计剩余 10s
step   200/1000 | loss 0.4985 | 89.95 it/s | 预计剩余 9s
step   300/1000 | loss 0.2011 | 86.44 it/s | 预计剩余 8s
step   400/1000 | loss 0.1700 | 86.34 it/s | 预计剩余 7s
step   500/1000 | loss 0.1305 | 86.83 it/s | 预计剩余 6s
step   600/1000 | loss 0.1001 | 87.40 it/s | 预计剩余 5s
step   700/1000 | loss 0.1051 | 87.49 it/s | 预计剩余 3s
step   800/1000 | loss 0.0976 | 87.55 it/s | 预计剩余 2s
step   900/1000 | loss 0.0964 | 87.78 it/s | 预计剩余 1s
step  1000/1000 | loss 0.1108 | 88.03 it/s | 预计剩余 0s
训练完成，耗时 11.4 秒 = 0.19 分钟 | 初始 loss 6.5748 | 最终 loss 0.1108 | 前 100 步均值 4.2933
已保存 loss_curve_L2_E128_lr0.001.png
================================================================
生成示例「春」#1  (temperature=1.0, top_k=20)
春深锁二乔。
巴山楚水凄凉地，二十三年弃置身。怀旧空吟闻笛赋，到乡翻似烂柯人。
沉舟侧畔千帆过，病树前头万木春。今日听君歌一曲，暂凭杯酒长精神。
朱雀桥边野草花，乌衣巷口夕阳斜。旧时王谢堂前燕，飞入寻常百姓家。
湖光秋月两相照。
两岸猿声啼不住，轻舟已过万重山。
故人西辞黄鹤楼，烟花三月下扬州。孤帆远影碧空尽，唯见长江天际流。
李白乘舟将欲行，忽闻岸上踏歌声。桃花潭水深千尺，不及汪伦送我情。
日照香
================================================================
生成示例「春」#2  (temperature=1.0, top_k=20)
春草木深。感时花溅泪，恨别鸟惊心。
烽火连三月，家书抵万金。白头搔更短，浑欲不胜簪。
细草微风岸，危樯独夜舟。星垂平野阔，月涌大江流。
风急天高猿啸哀，渚清沙白鸟飞回。无边落乌啼霜满别情。
千绝，万径人踪灭。孤舟蓑笠翁，独钓寒江雪。
鹅，鹅，鹅，曲项向天歌。白毛浮绿水，红掌拨清波。
两个黄鹂鸣翠柳，一行白鹭上青天。窗含西岭千秋雪，门泊东吴万里船。
朝辞白帝彩云间，千里江陵一日还。两岸猿声啼不住，轻舟
================================================================
生成示例「月」#1  (temperature=1.0, top_k=20)
月，低头思故乡。
春眠不觉晓，处处闻啼鸟。夜来风雨声，花落知多少。
白日依山尽，黄河入海流。欲声。
浅，应知故人才。古人已乘黄鹤去，此事要躬行。古人学问无遗力，少壮功夫老始成。
死去元知万事空，但悲不见九州同。王师北定中原日，家祭无忘告乃翁。
小荷才露尖尖角，早有蜻蜓立上头。泉眼无声惜细流，树阴照水爱晴柔。
接天莲叶无穷碧，映日荷花别样红。毕竟西湖六月中，风光不与四时同。
胜日寻芳泗水滨，无边光景一
================================================================
生成示例「月」#2  (temperature=1.0, top_k=20)
月，低头思故乡。
春眠不觉晓，处处闻啼鸟。夜来风雨声，花落知多少。
白日依山尽，黄河入海流。欲穷千里目，更上一层楼。
锄禾日当午，汗滴禾下土。谁知盘中餐，皆辛苦。
离离原上草，一岁一枯荣。野火烧不尽，春风吹又生。
远芳侵古道，晴翠接荒城。又送王孙去，萋萋满别情。
千山鸟飞绝，万径人踪灭。孤舟蓑笠翁，独钓寒江雪。
鹅，鹅，曲项向天歌。白毛浮绿水，红掌拨清波。
两个黄鹂鸣翠柳，一行白鹭上青天。窗含西岭千
已保存 generated_L2_E128_lr0.001.txt
