PyTorch 2.14.0+cu130 | 设备: cuda | GPU: NVIDIA GeForce RTX 5060 Ti | capability sm_120
语料 2163 字符 | 词表大小 V = 699
模型参数量: 1,791,744 | 配置: n_layer=2 n_head=8 n_embd=256 block=128 pos=有
step     1/1000 | loss 6.6183 | 2.54 it/s | 预计剩余 394s
step   100/1000 | loss 0.6001 | 89.49 it/s | 预计剩余 10s
step   200/1000 | loss 0.0687 | 107.95 it/s | 预计剩余 7s
step   300/1000 | loss 0.0430 | 115.91 it/s | 预计剩余 6s
step   400/1000 | loss 0.0361 | 120.33 it/s | 预计剩余 5s
step   500/1000 | loss 0.0370 | 122.93 it/s | 预计剩余 4s
step   600/1000 | loss 0.0243 | 124.75 it/s | 预计剩余 3s
step   700/1000 | loss 0.0311 | 126.13 it/s | 预计剩余 2s
step   800/1000 | loss 0.0283 | 127.24 it/s | 预计剩余 2s
step   900/1000 | loss 0.0183 | 128.09 it/s | 预计剩余 1s
step  1000/1000 | loss 0.0251 | 128.77 it/s | 预计剩余 0s
训练完成，耗时 7.8 秒 = 0.13 分钟 | 初始 loss 6.6183 | 最终 loss 0.0251 | 前 100 步均值 3.3460
已保存 loss_curve_L2_E256_lr0.001.png
================================================================
生成示例「春」#1  (temperature=1.0, top_k=20)
春朝。晴空一鹤排云上，便引诗情到碧霄。
前不见古人，后不见来者。念天地之悠悠，独怆然而涕下。
葡萄美酒夜光杯，欲饮琵琶马上催。醉卧沙场君莫笑，古来征战几人回。
黄河远上白云间，一片孤城万仞山。羌笛何须怨杨柳，春风不度玉门关。
秦时明月汉时关，万里长征人未还。但使龙城飞将在，不教胡马度阴山。
月黑雁飞高，单于夜遁逃。欲将轻骑逐，大雪满弓刀。
好雨知时节，当春乃发生。随风潜入夜，润物细无声。
晓看红湿处
================================================================
生成示例「春」#2  (temperature=1.0, top_k=20)
春朝。晴空一鹤排云上，便引诗情到碧霄。
前不见古人，后不见来者。念天地之悠悠，独怆然而涕下。
葡萄美酒夜光杯，欲饮琵琶马上催。醉卧沙场君莫笑，古来征战几人回。
黄河远上白云间，一片孤城万仞山。羌笛何须怨杨柳，春风不度玉门关。
秦时明月汉时关，万里长征人未还。但使龙城飞将在，不教胡马度阴山。
月黑雁飞高，单于夜遁逃。欲将轻骑逐，大雪满弓刀。
好雨知时节，当春乃发生。随风潜入夜，润物细无声。
晓看红湿处
================================================================
生成示例「月」#1  (temperature=1.0, top_k=20)
月渐东上。散发乘夕凉，开轩卧闲敞。
荷笠带斜阳，青山独归远。苍苍竹林寺，杳杳钟声晚。
空山不见人，但闻人语响。返景入深林，复照青苔上。
人闲桂花落，夜静春山空。月出惊山鸟，时鸣春涧中。
红豆生南国，春来发几枝。愿君多采撷，此物最相思。
独坐幽篁里，弹琴复长啸。深林人不知，明月来相照。
君自故乡来，应知故乡事。来日绮窗前，寒梅著花未。
山中相送罢，日暮掩柴扉。春草明年绿，王孙归不归。
花间一壶酒，独酌
================================================================
生成示例「月」#2  (temperature=1.0, top_k=20)
月，呼作白玉盘。又疑瑶台镜，飞在青云端。
长安一片月，万户捣衣声。秋天，万户捣衣声。秋风吹不尽，总是玉关情。
弃我去者，昨日之日不可留。乱我心者，今日之日多烦忧。
抽刀断水水更流，举杯消愁愁更愁。人生在世不称意，明朝散发弄扁舟。
千里黄云白日曛，北风吹雁雪纷纷。莫愁前路无知己，天下谁人不识君。
慈母手中线，游子身上衣。临行密密缝，意恐迟迟归。谁言寸草心，报得三春晖。
山重水复疑无路，柳暗花明又一村。
已保存 generated_L2_E256_lr0.001.txt
