PyTorch 2.14.0+cpu | 设备: cpu | 线程数: 14
语料 2163 字符 | 词表大小 V = 699
模型参数量: 502,656 | 配置: n_layer=2 n_head=4 n_embd=128 block=128 pos=有
step     1/1000 | loss 6.5627 | 19.57 it/s | 预计剩余 51s
step   100/1000 | loss 5.3670 | 23.64 it/s | 预计剩余 38s
step   200/1000 | loss 4.4633 | 23.36 it/s | 预计剩余 34s
step   300/1000 | loss 3.6690 | 22.27 it/s | 预计剩余 31s
step   400/1000 | loss 3.0215 | 22.14 it/s | 预计剩余 27s
step   500/1000 | loss 2.4654 | 22.13 it/s | 预计剩余 23s
step   600/1000 | loss 1.8986 | 21.91 it/s | 预计剩余 18s
step   700/1000 | loss 1.5244 | 21.54 it/s | 预计剩余 14s
step   800/1000 | loss 1.0900 | 21.36 it/s | 预计剩余 9s
step   900/1000 | loss 0.8023 | 21.30 it/s | 预计剩余 5s
step  1000/1000 | loss 0.6444 | 21.11 it/s | 预计剩余 0s
训练完成，耗时 47.4 秒 = 0.79 分钟 | 初始 loss 6.5627 | 最终 loss 0.6444 | 前 100 步均值 5.8776
已保存 loss_curve_L2_E128_lr0.0001.png
================================================================
生成示例「春」#1  (temperature=1.0, top_k=20)
春涧欲人。
寒梅著独人城人，
天。
慈母手中雪纷纷。
山重水如相对芳泗水月出阳雨纷，路无遗力，牧童孤。莫笑何须怨杨柳，飞回。
独在。
弃罢，日暮乡关。
秦时鸣。
寒雨知此空尽，今。
独河入夜入寻芳泗水月酒，无边，无忘上使龙城。又疑无晴却，不识。
时节倍思亲。醉卧沙白日暮掩柴扉。野径人。晴柔。遥看红总是，丰月笼寒水更护花日暮乡为异客，万里一酒家愁。今日多一片月，呼作前，此地，万径云千载空一枯荣。野古王
================================================================
生成示例「春」#2  (temperature=1.0, top_k=20)
春风不识春不识无相出。
千紫烟，年留客足鸡豚空一不见古
折戟朱花春深树，春风不与周人。念天地，牧弄扁舟侧畔烟白云间一片冰心月来总是春朝。
千里为有北望万紫千故人。
独怆然而涕下。
慈母手中。
折戟沉入吴，平，平明苍苍苍竹林寺，今日曛，平不及汪伦送插粉骨惊心在异乡事君更短，上行人。
锁二乔。
折戟沉未还。
吟闻人。
巴山断楚山楚青螺。怀旧，影客楚水凄凉地，干戈寥，二乔落四周郎螺。
杨报得清江夜爱晴柔。
================================================================
生成示例「月」#1  (temperature=1.0, top_k=20)
月，浑光，明月出。
国破苔上有有黄云碧猿声。
郁黄鸟飞在，城一片孤台下扬州生间一杯酒夜江上。愿君更出深。轻骑逐，大雪照上。
君自古最。
山鸟，柳满别情。
好雨知多身火独怆然而涕下。
山。
独怆然而涕下。
好雨润如相和，不及汪伦送徊。
君。
葡萄美酒春好处，绝知青独归。
昔人已乘舟自古逢佳节，绝知此。飞。古今日暮乡关，万里长江畔千磨万里船。
月落九州。孤城春潮带雨知盘，青雪满弓禾日暮乡翻似烂柯人未还。
================================================================
生成示例「月」#2  (temperature=1.0, top_k=20)
月出，王孙归。
花间一日一经，白在青苔度阴山。欲不东风潜入在，，不可留。念天空愁前。谁密缝一曲，杨柳似烂柯人不见遥望长征人。两相思。
晓日后不与四时鸣春风吹又远家。
觉浅，报得三年留清明月，遥望洞庭山中原在夜泊秦荷才。
胜日绮窗含西边，万尺，天黑雁古日听君更流，飞在世不见九州。最是玉关江上催。
晓知兄似烂柯人。无声惜细流，为有，报得滚来。
柳满弓刀。
沉沙场沙下，不尽，万里江陵一曲，暂凭杯邀春晖。

已保存 generated_L2_E128_lr0.0001.txt
