PyTorch 2.14.0+cu130 | 设备: cuda | GPU: NVIDIA GeForce RTX 5060 Ti | capability sm_120
语料 2163 字符 | 词表大小 V = 699
模型参数量: 486,272 | 配置: n_layer=2 n_head=4 n_embd=128 block=128 pos=无
step     1/1000 | loss 6.5992 | 2.57 it/s | 预计剩余 388s
step   100/1000 | loss 1.3873 | 115.34 it/s | 预计剩余 8s
step   200/1000 | loss 0.2282 | 146.47 it/s | 预计剩余 5s
step   300/1000 | loss 0.0929 | 161.71 it/s | 预计剩余 4s
step   400/1000 | loss 0.0702 | 170.43 it/s | 预计剩余 4s
step   500/1000 | loss 0.0463 | 175.67 it/s | 预计剩余 3s
step   600/1000 | loss 0.0432 | 179.43 it/s | 预计剩余 2s
step   700/1000 | loss 0.0367 | 182.87 it/s | 预计剩余 2s
step   800/1000 | loss 0.0668 | 185.50 it/s | 预计剩余 1s
step   900/1000 | loss 0.0278 | 186.81 it/s | 预计剩余 1s
step  1000/1000 | loss 0.0331 | 188.22 it/s | 预计剩余 0s
训练完成，耗时 5.3 秒 = 0.09 分钟 | 初始 loss 6.5992 | 最终 loss 0.0331 | 前 100 步均值 3.4636
已保存 loss_curve_no_pos.png
================================================================
生成示例「春」#1  (temperature=1.0, top_k=20)
春眠不觉晓，处处处闻啼鸟。夜来风雨声，花落知多少。
白日依山尽，黄河入海流。欲穷千里目，更上一层楼。
锄禾日当午，汗滴禾下土。谁知盘中餐，粒粒皆辛苦。
离离原上草，一岁一枯荣。野火烧不尽，春风吹又生。
远芳侵古道，晴翠接荒城。又送王孙去，萋萋满别情。
千山鸟飞绝，万径人踪灭。孤舟蓑笠翁，独钓寒江雪。
鹅，鹅，鹅，鹅，曲项向天歌。白毛浮绿水，红掌拨清波。
两个黄鹂鸣翠柳，一行白鹭上青天。窗含西岭千秋雪
================================================================
生成示例「春」#2  (temperature=1.0, top_k=20)
春来发几枝。愿君多采撷，此物最相思。
独坐幽篁里，弹琴复长啸。深林人不知，明月来相照。
君自故乡来，应知故乡事。来日绮窗前，寒梅著花未。
山中相送罢，日暮寒梅著花未。
山中相送罢，日暮掩柴扉。春草明年绿，王孙归不归。
花间一壶酒，独酌无相亲。举杯邀明月，对影成三人。
小时不识月，呼作白玉盘。又疑瑶台镜，飞在青云端。
长安一片月，万户捣衣声。秋风吹不尽，总是玉关情。
弃我去者，昨日之日不可留。乱我心者
================================================================
生成示例「月」#1  (temperature=1.0, top_k=20)
月，万户捣衣声。秋风吹不尽，总是玉关情。
弃我去者，昨日之日不可留。乱我心者，今日之日多烦忧。
抽刀断水水更流，举杯消愁愁更愁。人生在世不称意，明朝散发弄扁舟。
千里黄云白日曛，北风吹雁雪纷纷。莫愁前路无知己，天下谁人不识君。
慈母手中线，游子身上衣。临行密密缝，意恐迟迟归。谁言寸草心，报得三春晖。
山重水复疑无路，柳暗花明又一村。莫笑农家腊酒浑，丰年留客足鸡豚。
纸上得来终觉浅，绝知此事要躬行。古
================================================================
生成示例「月」#2  (temperature=1.0, top_k=20)
月，留取丹心照汗青。辛苦遭逢起一经，干戈寥落四周星。
咬定青山不放松天白鸟飞回。
咬定青山不放松，立根原在破岩中。千磨万击还坚劲，任尔东西南北风。
千锤万凿出深山，烈火焚烧若等闲。粉骨碎身浑不怕，要留清白在人间。
浩荡离愁白日斜，吟鞭东指即天涯。落红不是无情物，化作春泥更护花。
九州生气恃风雷，万马齐喑究可哀。我劝天公重抖擞，不拘一格降人语响。
力微任重久神疲，再竭衰庸定不支。苟利国家生死以，岂因祸
已保存 generated_no_pos.txt
