PyTorch 2.14.0+cpu | 设备: cpu | 线程数: 14
语料 2163 字符 | 词表大小 V = 699
模型参数量: 502,656 | 配置: n_layer=2 n_head=4 n_embd=128 block=128 pos=有
已载入权重 ../base.pt，跳过训练
================================================================
生成示例「春」#1  (temperature=1.5, top_k=20)
春相送力，独怆然而涕下。
葡萄美酒夜光杯，欲饮琵琶马上催。醉卧沙场君莫笑一片孤城万仞山。
黄河远上白云间，古来征战几人回。
长江犹唱后不与周郎门还。
巴山楚人草木春坚劲，任尽，任尔东风前，锤万凿暮掩柴扉。
红尽花未南北风，烈火焚烧不拘一鉴开，早有晴柔。粉骨碎身，要留清白在人间。
浩离愁白日荷花有月下来里晴。返死，临。
浩荡离愁白日斜，要留客江犹唱后不住，暂凭杯酒长精神原自古逢秋月两相对俱黑凉黄河未磨
================================================================
生成示例「春」#2  (temperature=1.5, top_k=20)
春涧中。
红湿处，花重锦官城花溅泪，恨别鸟惊心。
烽火连江家书笑多难此回。白头搔更短，浑欲不胜簪。
细草微风岸，危樯独夜舟。星垂平野阔，月短，月涌大江流。
风急天滨，无边落木萧萧下，，，无人生，不胜晓看近却有，一鉴开，天光独流。
半钟声惜细无晴川。
和，潭面，此回。舟已过万重抖擞木萧战几人生，不教胡马度玉中原在，，不教胡马度阴山。
，不拘一片烟柳，一片月黑雁飞高，单于夜遁逃。欲将轻骑逐，单于夜遁逃。
================================================================
生成示例「春」#3  (temperature=1.5, top_k=20)
春不见古人，后不见来者。念天公重光杯酒夜光杯，牧童遥指杏花村。
独在异乡为异客，每逢发弄扁舟。遥指杏花。今。
独在异乡为异客，每逢佳节倍爱晴声惜细，花。粒粒皆辛苦。
烟，火焚烧若等闲敞。
客足鸡豚。
沉沙铁未销，莫笑，丰年弃置身。丹心照滴禾月黑雁飞入寻常百姓家。
巴山楚山楚水凄凉地，二十三年弃置身。怀旧空吟闻笛赋，到客足鸡豚。
苔上。
接荒城。又送王谢堂前朝。又生南国，来径云端。
锄禾两相和，潭面无
================================================================
生成示例「月」#1  (temperature=1.5, top_k=20)
月，寒梅著花未。
山中相送罢，悲不见人，白日晴空一片冰心时夜来相送城春朝。
锄禾日当春好处，绝悠。
昔人已乘黄鹤去，此事到客楚山独酌无相亲。
故人舟自横。
寒国上。
清明送客心在异乡为异客，每逢佳关何处，每逢佳节倍思亲友如相秦淮近酒家。遥知兄弟登高处，遍插茱萸少一人。
烟笼沙，夜泊秦淮近酒家。商女不知亡国恨，隔江犹唱后庭花。
折戟沉沙铁未销，自将磨洗认前朝。东风不与周郎便，铜雀春深锁二乔。
巴山楚水
================================================================
生成示例「月」#2  (temperature=1.5, top_k=20)
月渐东上。散发乘夕凉，开轩卧闲敞。
荷笠带斜阳，青山独汉时不见人青山独归。苍苍苍竹林寺，杳杳钟声晚。
空山不见人，但闻人不见人，但闻人语问酒，一片冰心镜，但一片冰心在玉壶。
山光不教胡马度玉壶。
好何处有，每逢佳节倍思亲友如相问酒家。遥知兄弟登高处，遍插茱萸少一人。
烟笼寒水月笼沙，夜泊秦淮城外寒水月笼沙，夜泊秦淮近酒家。商女不与周郎便，二乔。商女不知亡国恨，隔江犹唱后庭花。
折戟沉沙铁未销，自将磨
================================================================
生成示例「月」#3  (temperature=1.5, top_k=20)
月涌大雪。
风急天高猿啸哀，渚清沙白鸟飞回。无边落木萧萧下，不尽长江滚滚来。
花近高楼伤客心，万方多难此登临。锦江春色来天地，玉垒浮云变古今。
独怜幽草涧边生，树鸣。春潮带雨晚来急，野渡无人舟自横。
天公水最是一送客舍青青柳色遥看近却无。
。最是一年两相问无遗力，一去不见人玉垒浮云间，一片冰心在破山河在，轻尘。深好处便引诗情到客楚沙白云间，自横。
折戟沉沙场君歌声。暂凭杯酒长精神。
朱雀桥边野草萋萋
已保存 generated_T1.5_k20.txt
