PyTorch 2.14.0+cu130 | 设备: cuda | GPU: NVIDIA GeForce RTX 5060 Ti | capability sm_120
语料 2163 字符 | 词表大小 V = 699
模型参数量: 502,656 | 配置: n_layer=2 n_head=4 n_embd=128 block=128 pos=有
step     1/1000 | loss 6.5626 | 2.21 it/s | 预计剩余 452s
step   100/1000 | loss 4.6671 | 111.49 it/s | 预计剩余 8s
step   200/1000 | loss 3.3042 | 151.74 it/s | 预计剩余 5s
step   300/1000 | loss 1.7236 | 171.41 it/s | 预计剩余 4s
step   400/1000 | loss 0.8610 | 183.83 it/s | 预计剩余 3s
step   500/1000 | loss 0.4685 | 193.06 it/s | 预计剩余 3s
step   600/1000 | loss 0.2804 | 199.80 it/s | 预计剩余 2s
step   700/1000 | loss 0.2559 | 202.24 it/s | 预计剩余 1s
step   800/1000 | loss 0.1609 | 201.54 it/s | 预计剩余 1s
step   900/1000 | loss 0.1458 | 201.67 it/s | 预计剩余 0s
step  1000/1000 | loss 0.1128 | 201.11 it/s | 预计剩余 0s
训练完成，耗时 5.0 秒 = 0.08 分钟 | 初始 loss 6.5626 | 最终 loss 0.1128 | 前 100 步均值 5.3502
已保存 loss_curve_L2_E128_lr0.01.png
================================================================
生成示例「春」#1  (temperature=1.0, top_k=20)
春头风镜未磨总是春。
半亩方塘一鉴开，天光云影共徘徊。问渠那得清如许，为有源头活水来。
郁孤台下清江水，可怜，中间多少行人生自古谁无死，留取丹心照汗青。辛苦遭逢起一经，干戈寥落四周星。
咬定青山不放松，立根原在破岩中。千磨万击还坚劲，任尔东西南北风。
千锤万凿出深山，烈火焚烧若等闲。粉骨碎身浑不怕，要留清白在人间。
浩荡离愁白日斜，吟鞭东指即天涯。落红不是无情物，化作春泥更护花。
九州生气恃风雷，万
================================================================
生成示例「春」#2  (temperature=1.0, top_k=20)
春空余黄鹤楼。黄鹤楼。黄鹤楼。黄鹤楼。黄鹤楼。黄鹤楼。黄鹤一去，此地空余黄鹤楼。黄鹤楼。黄鹤楼不复返，白云千载空悠。
晴川历汉阳树，芳草萋萋萋萋萋萋萋萋萋鹦鹉洲。日暮乡关何处是，烟波江上使人愁。
客舍青柳色新，渭城朝雨浥轻尘。劝君更上城朝雨浥轻。
寒雨浥轻尘。劝君更尽一杯酒，西出阳关无故人。
寒雨连江夜入吴，芳草萋萋鹦连江声。
花萋萋鹦鹉洲。
客舍青萋鹦鹉。
客舍青萋鹦鹉洲。
客舍青萋鹦鹉洲。
客舍
================================================================
生成示例「月」#1  (temperature=1.0, top_k=20)
月，明月。
君自故乡来，应知故乡事。来日绮窗前，寒梅著花未。
山中相送罢，日暮掩柴扉。春草明年绿，王孙归。
花间一壶酒，独酌无相亲。举杯邀明月，对影成三人。举杯邀明月，呼作白玉盘。又疑瑶台镜，飞在青云端。
长安一片月，万户捣衣声。秋风吹不尽，总是玉关情。
弃我去者，昨日之日不可留。乱我心者，今日之日多烦忧。
抽刀断水更流，举杯消愁。人生在世不称意，明朝散发弄扁舟。
千里黄云白日不曛，北风吹雁雪纷。莫
================================================================
生成示例「月」#2  (temperature=1.0, top_k=20)
月头不出，但悲。
君自故乡来，应知故乡事。来日绮窗前，寒梅著花未。
山中相送罢，日暮掩柴扉。春草明年绿，王孙归。
花间一壶酒，独酌无相亲。举杯邀明月，对影成三人。
小时不识月，呼作白玉盘。又疑瑶台镜，飞在青云端。
长安一片月，万户捣衣声。秋风吹不尽，总是玉关情。
弃我去，昨日之日不可留。乱我心者，今日多烦忧。
抽刀断水更流，举杯消愁愁。人生在世不称意，明朝散发弄扁舟。
千里黄云白日曛，北风吹雁雪纷纷
已保存 generated_L2_E128_lr0.01.txt
