PyTorch 2.14.0+cpu | 设备: cpu | 线程数: 14
语料 2163 字符 | 词表大小 V = 699
模型参数量: 502,656 | 配置: n_layer=2 n_head=4 n_embd=128 block=128 pos=有
step     1/1000 | loss 6.5627 | 17.32 it/s | 预计剩余 58s
step   100/1000 | loss 4.5767 | 19.58 it/s | 预计剩余 46s
step   200/1000 | loss 2.8468 | 17.08 it/s | 预计剩余 47s
step   300/1000 | loss 1.0093 | 16.19 it/s | 预计剩余 43s
step   400/1000 | loss 0.3920 | 15.91 it/s | 预计剩余 38s
step   500/1000 | loss 0.2344 | 15.75 it/s | 预计剩余 32s
step   600/1000 | loss 0.1621 | 15.71 it/s | 预计剩余 25s
step   700/1000 | loss 0.1346 | 15.61 it/s | 预计剩余 19s
step   800/1000 | loss 0.0932 | 15.60 it/s | 预计剩余 13s
step   900/1000 | loss 0.1033 | 15.68 it/s | 预计剩余 6s
step  1000/1000 | loss 0.0729 | 15.73 it/s | 预计剩余 0s
训练完成，耗时 63.6 秒 = 1.06 分钟 | 初始 loss 6.5627 | 最终 loss 0.0729 | 前 100 步均值 5.3361
已保存 loss_curve_L2_E128_lr0.01.png
================================================================
生成示例「春」#1  (temperature=1.0, top_k=20)
春涧客船。
国，夜来发几枝。愿君多采撷，此物最相思。
独坐幽篁里，弹琴复长啸。深林人不知，明月来相照。
君自故乡来，应知故乡事。来日绮窗前，寒梅著花未。
山中相送罢，日暮掩柴扉。春草明年绿，王孙归不归。
花间一壶酒，独酌无相亲。举杯邀明月，对影成三人。
小时不识月，呼作白玉盘。又疑瑶台镜，飞在青，飞在青云端。
长安一片月，万户捣衣声。秋风吹不尽，总是玉关情。
弃我去者，昨日之日不可留。
抽江水更愁。
================================================================
生成示例「春」#2  (temperature=1.0, top_k=20)
春风莲叶无穷碧，映日荷花别样红。毕竟西湖六月中，风光不与四时同。
胜日寻芳六月中，无忘告乃翁。
小荷才露尖尖角，早有蜻蜓立上头。泉眼无声惜细流，树阴照水爱晴柔。
接天莲叶无穷碧，报得三春晖。
接天芳泗水滨，无忘告乃翁。
九天芳边光云乃翁，无边光景一时新。等闲密才露尖角，早有蜻蜓立上头活水，早有蜻蜓立上头。等闲识得三年留客无遗十三春晖。
纸上思。
纸，少一鉴上衣。
半亩方塘一鉴开，天光云影共徘徊。问渠
================================================================
生成示例「月」#1  (temperature=1.0, top_k=20)
月，水深千尺，不及汪伦送我情。
日照香炉生紫烟，遥看瀑布挂前川。飞流直下三千尺，疑是银河落九天门中断楚江开，碧水东流至此回。两岸青山相对出，孤帆一片日边来。两岸落乌啼霜满天，江枫渔火对愁眠。姑苏城外寒山寺，夜半钟声到客船。
清明时节雨纷，路上行人欲断魂。借问酒家何处有，牧童遥指杏花村。
独在异乡为异客，每逢佳节倍思亲。遥知兄弟登高处，遍插茱萸少一人。
烟笼寒水月笼沙，夜泊秦淮近酒家。商女不知亡国恨，
================================================================
生成示例「月」#2  (temperature=1.0, top_k=20)
月出西出西出西边生故，时关无故人。
寒雨连江夜入吴，平明送客楚山孤。洛阳亲友如相问，一片冰心，池月渐东上。
山光忽西落，池月渐东上。散发乘夕凉，开轩卧闲敞。
荷笠带斜阳，青山独归远。飞远。苍苍苍竹林寺，杳杳杳钟声晚。
空山不见人，但闻人语响。返景入深林，复照青苔上。
人闲桂花落，夜静春山空。月出惊山鸟，时鸣春涧中。
红豆生南国，春来发几枝。愿君多采撷，此物最相思。
独坐幽篁里，弹琴复长啸。深林人不知
已保存 generated_L2_E128_lr0.01.txt
