PyTorch 2.14.0+cpu | 设备: cpu | 线程数: 14
语料 2163 字符 | 词表大小 V = 699
模型参数量: 502,656 | 配置: n_layer=2 n_head=4 n_embd=128 block=128 pos=有
step     1/2000 | loss 6.5627 | 17.36 it/s | 预计剩余 115s
step   100/2000 | loss 1.4693 | 18.86 it/s | 预计剩余 101s
step   200/2000 | loss 0.1524 | 18.77 it/s | 预计剩余 96s
step   300/2000 | loss 0.0766 | 19.02 it/s | 预计剩余 89s
step   400/2000 | loss 0.0725 | 19.47 it/s | 预计剩余 82s
step   500/2000 | loss 0.0441 | 19.96 it/s | 预计剩余 75s
step   600/2000 | loss 0.0460 | 19.75 it/s | 预计剩余 71s
step   700/2000 | loss 0.0438 | 19.64 it/s | 预计剩余 66s
step   800/2000 | loss 0.0300 | 19.60 it/s | 预计剩余 61s
step   900/2000 | loss 0.0293 | 19.57 it/s | 预计剩余 56s
step  1000/2000 | loss 0.0245 | 19.51 it/s | 预计剩余 51s
step  1100/2000 | loss 0.0312 | 19.47 it/s | 预计剩余 46s
step  1200/2000 | loss 0.0243 | 19.47 it/s | 预计剩余 41s
step  1300/2000 | loss 0.0308 | 19.45 it/s | 预计剩余 36s
step  1400/2000 | loss 0.0270 | 19.42 it/s | 预计剩余 31s
step  1500/2000 | loss 0.0273 | 19.53 it/s | 预计剩余 26s
step  1600/2000 | loss 0.0227 | 19.68 it/s | 预计剩余 20s
step  1700/2000 | loss 0.0263 | 19.75 it/s | 预计剩余 15s
step  1800/2000 | loss 0.0261 | 19.82 it/s | 预计剩余 10s
step  1900/2000 | loss 0.0193 | 19.79 it/s | 预计剩余 5s
step  2000/2000 | loss 0.0263 | 19.83 it/s | 预计剩余 0s
训练完成，耗时 100.9 秒 = 1.68 分钟 | 初始 loss 6.5627 | 最终 loss 0.0263 | 前 100 步均值 3.6146
已保存 loss_curve_L2_E128_lr0.001.png
================================================================
生成示例「春」#1  (temperature=1.0, top_k=20)
春来发几枝。愿君多采撷，此物最相思。
独坐幽篁里，弹琴复长啸。深林人不知，明月来相照。
君自故乡来，应知故乡事。来日绮窗前，寒梅著花未。
山中相送罢，日暮掩柴扉。春草明年绿，王孙归不归。
花间一壶酒，独酌无相亲。举杯邀明月，对影成三人。
小时不识月，呼作白玉盘。又疑瑶台镜，飞在青云端。
长安一片月，万户捣衣声。秋风吹不尽，总是玉关情。
弃我去者，昨日之日不可留。乱我心者，今日之日多烦忧。
抽刀断水水
================================================================
生成示例「春」#2  (temperature=1.0, top_k=20)
春。
半亩方塘一鉴开，天光云影共徘徊。问渠那得清如许，为有源头活水来。
郁孤台下清江水，中间多少行人泪。西北望长安，可怜无数山。
人生自古谁无死，留取丹心照汗青。辛苦遭逢起一经，干戈寥落四周星。
咬定青山不放松，立根原在破岩中。千磨万击还坚劲，任尔东西南北风。
千锤万凿出深山，烈火焚烧若等闲。粉骨碎身浑不怕，要留清白在人间。
浩荡离愁白日斜，吟鞭东指即天涯。落红不是无情物，化作春泥更护花。
九州生气
================================================================
生成示例「月」#1  (temperature=1.0, top_k=20)
月相和，潭面无风镜未磨。遥望洞庭山水翠，白银盘里一青螺。
杨柳青青江水平，闻郎江上踏歌声。东边日出西边雨，道是无晴却有晴。
自古逢秋悲寂寥，我言秋日胜春朝。晴空一鹤排云上，便引诗情到碧霄。
前不见古人，后不见来者。念天地之悠悠，独怆然而涕下。
葡萄美酒夜光杯，欲饮琵琶马上催。醉卧沙场君莫笑，古来征战几人回。
黄河远上白云间，一片孤城万仞山。羌笛何须怨杨柳，春风不度玉门关。
秦时明月汉时新。等闲草涧边
================================================================
生成示例「月」#2  (temperature=1.0, top_k=20)
月落乌啼霜满天，江枫渔火对愁眠。姑苏城外寒山寺，夜半钟声到客船。
清明时节雨纷纷，路上行人欲断魂。借问酒家何处有，牧童遥指杏花村。
独在异乡为异客，每逢佳节倍思亲。遥知兄弟登高处，遍插茱萸少一人。
烟笼寒水月笼沙，夜泊秦淮近酒家。商女不知亡国恨，隔江犹唱后庭花。
折戟沉沙铁未销，自将磨洗认前朝。东风不与周郎便，铜雀春深锁二乔。
巴山楚水凄凉地，二十三年弃置身。怀旧空吟闻笛赋，到乡翻似烂柯人。
沉舟侧
已保存 generated_L2_E128_lr0.001.txt
