PyTorch 2.14.0+cpu | 设备: cpu | 线程数: 14
语料 2163 字符 | 词表大小 V = 699
模型参数量: 502,656 | 配置: n_layer=2 n_head=4 n_embd=128 block=128 pos=有
step     1/1000 | loss 6.5627 | 13.57 it/s | 预计剩余 74s
step   100/1000 | loss 1.4693 | 17.00 it/s | 预计剩余 53s
step   200/1000 | loss 0.1524 | 17.47 it/s | 预计剩余 46s
step   300/1000 | loss 0.0766 | 18.16 it/s | 预计剩余 39s
step   400/1000 | loss 0.0725 | 19.10 it/s | 预计剩余 31s
step   500/1000 | loss 0.0441 | 19.87 it/s | 预计剩余 25s
step   600/1000 | loss 0.0460 | 20.38 it/s | 预计剩余 20s
step   700/1000 | loss 0.0438 | 20.69 it/s | 预计剩余 15s
step   800/1000 | loss 0.0300 | 20.94 it/s | 预计剩余 10s
step   900/1000 | loss 0.0293 | 21.05 it/s | 预计剩余 5s
step  1000/1000 | loss 0.0245 | 21.23 it/s | 预计剩余 0s
训练完成，耗时 47.1 秒 = 0.78 分钟 | 初始 loss 6.5627 | 最终 loss 0.0245 | 前 100 步均值 3.6146
已保存 loss_curve_base1000.png
================================================================
生成示例「春」#1  (temperature=1.0, top_k=20)
春涧中。
红豆生南国，春来发几枝。愿君多采撷，此物最相思。
独坐幽篁里，弹琴复长啸。深林人不知，明月来相照。
君自故乡来，应知故客楚。来日绮窗前独酌无相送罢，日暮掩柴扉。春草明年绿，王孙归不归。
花间一壶酒，独酌无相亲。举杯邀明月，对影成三人。
小时不识月，呼作白玉盘。又疑瑶台镜，飞在青云端。
长安一片月，万户捣衣声。秋风吹不尽，总是玉关情。
弃我去者，昨日之日不可留。乱我心者，今日之日多烦忧。
抽
================================================================
生成示例「春」#2  (temperature=1.0, top_k=20)
春风吹又生。
远芳侵古道，晴翠接荒城。又送王孙去，萋萋满别情。
千山鸟飞绝，万径人踪灭。孤舟蓑笠翁，独钓寒江雪。
鹅，鹅，鹅，鹅，曲项向天歌。白毛浮绿水，红掌拨清波。
两个黄鹂鸣翠柳，一行白鹭上青天。窗含西岭千秋雪，门泊东吴万里船。
朝辞白帝彩云间，千里江陵一日还。两岸猿声啼不住，轻舟已过万重山。
故人西辞黄鹤楼，烟花三月下扬州。孤帆远影碧空尽，唯见长江天际流。
李白乘舟将欲行，忽闻岸上踏歌声。桃花
================================================================
生成示例「月」#1  (temperature=1.0, top_k=20)
月，万户捣衣声。秋风吹不尽，总是玉关情。
弃我去者，昨日之日不可留。乱我心者，今日之日多烦忧。
抽刀断水水更流，举杯消愁愁更愁。人生在世不称意，明朝散发弄扁舟。
千里黄云白日曛，北风吹雁雪纷纷。莫愁前路无知己，天下谁人不识君。
慈母手中线，游子身上衣。临行密密缝，意恐迟迟归。谁言寸草心，报得三春晖。
山重水复疑无路，柳暗花明又一村。莫笑农家腊酒浑，丰年留客足鸡豚。
纸上得来终觉浅，绝知此事要躬行。古
================================================================
生成示例「月」#2  (temperature=1.0, top_k=20)
月中，家书抵万金。白头搔更短，浑欲不胜簪。
细草微风岸，危樯独夜舟。星垂平野阔，月涌大江流。
风急天高猿啸哀，渚清沙白鸟飞回。无边落木萧萧下，不尽长江滚滚来。
花近高楼伤客心，万方多难此登临。锦江春色来天地，玉垒浮云变古今。
独怜幽草涧边生，上有黄鹂深树鸣。春潮带雨晚来急，野渡无人舟自横。
天街小雨润如酥，草色遥看近却无。最是一年春好处，绝胜烟柳满皇都。
昔人已乘黄鹤去，此地空余黄鹤楼。黄鹤一去不复
已保存 generated_base1000.txt
