PyTorch 2.14.0+cu130 | 设备: cuda | GPU: NVIDIA GeForce RTX 5060 Ti | capability sm_120
语料 2163 字符 | 词表大小 V = 699
模型参数量: 899,200 | 配置: n_layer=4 n_head=4 n_embd=128 block=128 pos=有
step     1/1000 | loss 6.6041 | 2.49 it/s | 预计剩余 401s
step   100/1000 | loss 2.0463 | 82.05 it/s | 预计剩余 11s
step   200/1000 | loss 0.2142 | 98.08 it/s | 预计剩余 8s
step   300/1000 | loss 0.0774 | 105.41 it/s | 预计剩余 7s
step   400/1000 | loss 0.0585 | 109.44 it/s | 预计剩余 5s
step   500/1000 | loss 0.0459 | 111.61 it/s | 预计剩余 4s
step   600/1000 | loss 0.0398 | 113.35 it/s | 预计剩余 4s
step   700/1000 | loss 0.0366 | 114.28 it/s | 预计剩余 3s
step   800/1000 | loss 0.0369 | 115.34 it/s | 预计剩余 2s
step   900/1000 | loss 0.0314 | 115.71 it/s | 预计剩余 1s
step  1000/1000 | loss 0.0253 | 116.65 it/s | 预计剩余 0s
训练完成，耗时 8.6 秒 = 0.14 分钟 | 初始 loss 6.6041 | 最终 loss 0.0253 | 前 100 步均值 4.1475
已保存 loss_curve_L4_E128_lr0.001.png
================================================================
生成示例「春」#1  (temperature=1.0, top_k=20)
春涧中。
红豆生南国，春来发几枝。愿君多采撷，此物最相思。
独坐幽篁里，弹琴复长啸。深林人不知，明月来相照。
君自故乡来，应知故乡事。来日绮窗前，寒梅著花未。
山中相送罢，日暮掩柴扉。春草明年绿，王孙归不归。
花间一壶酒，独酌无相亲。举杯邀明月，对影成三人。
小时不识月，呼作白玉盘。又疑瑶台镜，飞在青云端。
长安一片月，万户捣衣声。秋风吹不尽，总是玉关情。
弃我去者，昨日之日不可留。乱我心者，今日之
================================================================
生成示例「春」#2  (temperature=1.0, top_k=20)
春深锁二乔。
巴山楚水凄凉地，二十三年弃置身。怀旧空吟闻笛赋，到乡翻似烂柯人。
沉舟侧畔千帆过，病树前头万木春。今日听君歌一曲，暂凭杯酒长精神。
朱雀桥边野草花，乌衣巷口夕阳斜。旧时王谢堂前燕，飞入寻常百姓家。
湖光秋月两相和，潭面无风镜未磨。遥望洞庭山水却有晴。
杨柳青青江水平，闻郎江上踏歌声。东边日出西边雨，道是无晴却有晴。
自古逢秋悲寂寥，我言秋日胜春朝。晴空一鹤排云上，便引诗情到碧霄。
前不
================================================================
生成示例「月」#1  (temperature=1.0, top_k=20)
月渐东上。散发乘夕凉，开轩卧闲敞。
荷笠带斜阳，青山独归远。苍苍竹林寺，杳杳钟声晚。
空山不见人，但闻人语响。返景入深林，复照青苔上。
人闲桂花落，夜静春山空。月出惊山鸟，时鸣春涧中。
红豆生南国，春来发几枝。愿君多采撷，此物最相思。
独坐幽篁里，弹琴复长啸。深林人不知，明月来相照。
君自故乡来，应知故乡事。来日绮窗前，寒梅著花未。
山中相送罢，日暮掩柴扉。春草明年绿，王孙归不归。
花间一壶酒，独酌
================================================================
生成示例「月」#2  (temperature=1.0, top_k=20)
月，家书闻啼鸟。夜清明时节倍思亲。遥知兄弟登高处，遍插茱萸少一人。
烟笼寒水月笼沙，夜泊秦淮近酒家。商女不知亡国恨，隔江犹唱后庭花。
折戟沉沙铁未销，自将磨洗认前朝。东风不与周郎便，铜雀春深锁二乔。
巴山楚水凄凉地，二十三年弃置身。怀旧空吟闻笛赋，到乡翻似烂柯人。
沉舟侧畔千帆过，病树前头万木春。今日听君歌一曲，暂凭杯酒长精神。
朱雀桥边野草花，乌衣巷口夕阳斜。旧时王谢堂前燕，飞入寻常百姓家。
湖光
已保存 generated_L4_E128_lr0.001.txt
