PyTorch 2.14.0+cpu | 设备: cpu | 线程数: 14
语料 2163 字符 | 词表大小 V = 699
模型参数量: 899,200 | 配置: n_layer=4 n_head=4 n_embd=128 block=128 pos=有
step     1/1000 | loss 6.6041 | 9.82 it/s | 预计剩余 102s
step   100/1000 | loss 2.0463 | 10.48 it/s | 预计剩余 86s
step   200/1000 | loss 0.2141 | 10.98 it/s | 预计剩余 73s
step   300/1000 | loss 0.0717 | 10.94 it/s | 预计剩余 64s
step   400/1000 | loss 0.0574 | 10.87 it/s | 预计剩余 55s
step   500/1000 | loss 0.0475 | 10.75 it/s | 预计剩余 47s
step   600/1000 | loss 0.0425 | 10.62 it/s | 预计剩余 38s
step   700/1000 | loss 0.0370 | 10.48 it/s | 预计剩余 29s
step   800/1000 | loss 0.0342 | 10.40 it/s | 预计剩余 19s
step   900/1000 | loss 0.0340 | 10.33 it/s | 预计剩余 10s
step  1000/1000 | loss 0.0318 | 10.28 it/s | 预计剩余 0s
训练完成，耗时 97.3 秒 = 1.62 分钟 | 初始 loss 6.6041 | 最终 loss 0.0318 | 前 100 步均值 4.1475
已保存 loss_curve_L4_E128_lr0.001.png
================================================================
生成示例「春」#1  (temperature=1.0, top_k=20)
春来发几枝。愿君多采撷，此物最相思。
独坐幽篁里，弹琴复长啸。深林人不知，明月来相照。
君自故乡来，应知故乡事。来日绮窗前，寒梅著花未。
山中相送罢，日暮掩柴扉。春草明年绿，王孙归不归。
花间一壶酒，独酌无相亲。举杯邀明月，对影成三人。
小时不识月，呼作白玉盘。又疑瑶台镜，飞在青云端。
长安一片月，万户捣衣声。秋风吹不尽，总是玉关情。
弃我去者，昨日之日不可留。乱我心者，今日之日多烦忧。
抽刀断水水
================================================================
生成示例「春」#2  (temperature=1.0, top_k=20)
春山。
人舟自古谁无死，留取丹心照汗青。辛苦遭逢起一经，干戈寥落四周星。
咬定青山不放松，立根原在破岩中。千磨万击还坚劲，任尔东西南北风。
千锤万凿出深山，烈火焚烧若等闲。粉骨碎身浑不怕，要留清白在人间。
浩荡离愁白日斜，吟鞭东指即天涯。落红不是无情物，化作春泥更护花。
九州生气恃风雷，万马齐喑究可哀。我劝天公重抖擞，不拘一格降人才。
力微任重久神疲，再竭衰庸定不支。苟利国家生死以，岂因祸福避趋之日
================================================================
生成示例「月」#1  (temperature=1.0, top_k=20)
月，家书抵万金。白头搔更短，浑欲不胜簪。
细草微风岸，危樯独夜舟。星垂平野阔，月涌大江流。
风急天高猿啸哀，渚清沙白鸟飞回。无边落木萧萧下，不尽长江滚滚来。
花近高楼伤客心，万方多难此登临。锦江春色来天地，玉垒浮云变古今。
独怜幽草涧边生，上有黄鹂深树鸣。春潮带雨晚来急，野渡无人舟自横。
天街小雨润如酥，草色遥看近却无。最是一年春好处，绝胜烟柳满皇都。
昔人已乘黄鹤去，此地空余黄鹤楼。黄鹤一去不复返
================================================================
生成示例「月」#2  (temperature=1.0, top_k=20)
月，疑是地上霜。举头望明月，低头思故乡。
春眠不觉晓，处处闻啼鸟。夜来风雨声，花落知多少。
白日依山尽，黄河入海流。欲穷千里目，更上一层楼。
锄禾日当午，汗滴禾下土。谁知盘中餐，粒粒皆辛苦。
离离原上草，一岁一枯荣。野火烧不尽，春风吹又生。
远芳侵古道，晴翠接荒城。又送王孙去，萋萋满别情。
千山鸟飞绝，万径人踪灭。孤舟蓑笠翁，独钓寒江雪。
鹅，鹅，鹅，曲项向天歌。白毛浮绿水，红掌拨清波。
两个黄鹂鸣
已保存 generated_L4_E128_lr0.001.txt
