PyTorch 2.14.0+cpu | 设备: cpu | 线程数: 14
语料 2163 字符 | 词表大小 V = 699
模型参数量: 304,384 | 配置: n_layer=1 n_head=4 n_embd=128 block=128 pos=有
step     1/1000 | loss 6.5657 | 31.01 it/s | 预计剩余 32s
step   100/1000 | loss 1.5690 | 41.41 it/s | 预计剩余 22s
step   200/1000 | loss 0.1844 | 41.26 it/s | 预计剩余 19s
step   300/1000 | loss 0.0855 | 41.48 it/s | 预计剩余 17s
step   400/1000 | loss 0.0695 | 41.19 it/s | 预计剩余 15s
step   500/1000 | loss 0.0622 | 40.81 it/s | 预计剩余 12s
step   600/1000 | loss 0.0380 | 40.78 it/s | 预计剩余 10s
step   700/1000 | loss 0.0414 | 40.86 it/s | 预计剩余 7s
step   800/1000 | loss 0.0415 | 40.56 it/s | 预计剩余 5s
step   900/1000 | loss 0.0347 | 40.77 it/s | 预计剩余 2s
step  1000/1000 | loss 0.0334 | 40.95 it/s | 预计剩余 0s
训练完成，耗时 24.4 秒 = 0.41 分钟 | 初始 loss 6.5657 | 最终 loss 0.0334 | 前 100 步均值 3.6212
已保存 loss_curve_L1_E128_lr0.001.png
================================================================
生成示例「春」#1  (temperature=1.0, top_k=20)
春风不度玉门关。
秦时明月汉时关，万里长征人未还。但使龙城飞将在，不教胡马度阴山。
月黑雁飞高，单于夜遁逃。欲将轻骑逐，大雪满弓刀。
好雨知时节，当春乃发生。随风潜入夜，润物细无声。
晓看红湿处，花重锦官城。野径云俱黑，江船火独明。
国破山河在，城春草木深。感时花溅泪，恨别鸟惊心。
烽火连三月，家书抵万金。白头搔更短，浑欲不胜簪。
细草微风岸，危樯独夜舟。星垂平野阔，月涌隔江流。
上篁里，月，月涌大
================================================================
生成示例「春」#2  (temperature=1.0, top_k=20)
春好处，绝胜烟柳柳满皇都。
昔人已乘黄鹤去，此地空余黄鹤楼。黄鹤一去不复返，白云千载空悠悠。
晴川历历汉阳树，芳草萋萋鹦鹉洲。日暮乡关何处是，烟波江上使人愁。
客舍青青柳色新，渭城朝雨浥轻尘。劝君更尽一杯酒，西出阳关无故人。
寒雨连江夜入吴，平明送客楚山孤。洛阳亲友如相问，一片冰心在玉壶。
山光忽西落，池月渐东上。散发乘夕凉，开轩卧闲敞。
荷笠带斜阳，青山独归远。苍苍竹林寺，杳杳杳钟声晚。
空山不见
================================================================
生成示例「月」#1  (temperature=1.0, top_k=20)
月，暂凭杯酒家。西边野草花，乌衣巷口夕阳斜。旧时王谢堂前燕，飞入寻常百姓家。
湖光秋月两相和，潭面无风镜未磨。遥望洞庭山水翠，白银盘里一青螺。
杨柳青青青江水平，闻郎江上踏歌声。东边日出西边雨，道是无晴却有晴。
自古逢秋悲寂寥，我言秋日胜春朝。晴空一鹤排云上，便引诗情到碧霄。
前不见古人，后不见来者。念天地之悠，独怆然而涕下。
葡萄美酒夜光杯，欲饮琵琶马上催。醉卧沙场君莫笑，古来征战几人回。
黄河远
================================================================
生成示例「月」#2  (temperature=1.0, top_k=20)
月来相照。
君自故乡来，应知故乡事。来日绮窗前，寒梅著花未。
山中相送罢，日暮掩柴扉。春草明年绿，王孙归不归。
花间一壶酒，独酌无相亲。举杯邀明月，对影成三人。
小时不识月，呼作白玉盘。又疑瑶台镜，飞在青云端。
长安一片月，万户捣衣声。秋风吹不尽，总是玉关情。
弃我去者，昨日之日不可留。乱我心者，今日之日，今日多烦忧。
抽刀断水水更流，举杯消愁愁更愁。人生在世不称意，明朝散发弄扁舟。
千里黄云白日曛
已保存 generated_L1_E128_lr0.001.txt
