PyTorch 2.14.0+cu130 | 设备: cuda | GPU: NVIDIA GeForce RTX 5060 Ti | capability sm_120
语料 2163 字符 | 词表大小 V = 699
模型参数量: 304,384 | 配置: n_layer=1 n_head=4 n_embd=128 block=128 pos=有
step     1/1000 | loss 6.5657 | 2.58 it/s | 预计剩余 387s
step   100/1000 | loss 1.5690 | 136.76 it/s | 预计剩余 7s
step   200/1000 | loss 0.1844 | 185.76 it/s | 预计剩余 4s
step   300/1000 | loss 0.0855 | 209.32 it/s | 预计剩余 3s
step   400/1000 | loss 0.0695 | 223.11 it/s | 预计剩余 3s
step   500/1000 | loss 0.0622 | 232.98 it/s | 预计剩余 2s
step   600/1000 | loss 0.0368 | 240.70 it/s | 预计剩余 2s
step   700/1000 | loss 0.0431 | 246.84 it/s | 预计剩余 1s
step   800/1000 | loss 0.0376 | 251.33 it/s | 预计剩余 1s
step   900/1000 | loss 0.0291 | 252.69 it/s | 预计剩余 0s
step  1000/1000 | loss 0.0337 | 255.56 it/s | 预计剩余 0s
训练完成，耗时 3.9 秒 = 0.07 分钟 | 初始 loss 6.5657 | 最终 loss 0.0337 | 前 100 步均值 3.6212
已保存 loss_curve_L1_E128_lr0.001.png
================================================================
生成示例「春」#1  (temperature=1.0, top_k=20)
春风不度玉门关。
秦时明月汉时关，万里长征人未还。但使龙城飞将在，不教胡马度阴山。
月黑雁飞高，单于夜遁逃。欲将轻骑逐，大雪满弓刀。
好雨知时节，池月渐东风潜入夜，当春乃发生。随风潜入夜，润物细无声。
晓看红湿处，花重锦官城。野径云俱黑，江船火独明。
国破山河在，城春草木深。感时花溅泪，恨别鸟惊心。
烽火连三月，家书抵万金。白头搔更短，浑欲不胜簪。
细草微风岸，危樯独夜舟。星垂平野阔，月涌大江流。

================================================================
生成示例「春」#2  (temperature=1.0, top_k=20)
春深锁二乔。
巴山楚水凄凉地，二十三年弃置身。怀旧空吟闻笛赋，到乡翻似掩柴扉。春。春。春。春。春朝。春。春草明年绿水平明送客楚山孤。洛阳亲友如相问，一片冰寒雨纷纷，家何楼。
花溅泪，隔江开轩卧闲敞。
荷笠带斜。苍苍竹林寺，杳杳杳钟声晚。
空山不见人，但闻人语响。返景入深林，复照青苔上。
人闲桂花落，夜静春山空。月出惊山鸟，时鸣春涧中。
红豆生南国，春来发几枝。愿君多采撷，此物最相思。
独坐幽篁里，弹
================================================================
生成示例「月」#1  (temperature=1.0, top_k=20)
月，家书抵万金。白头搔更短，浑欲不胜簪。
细草微风岸，危樯独夜舟。星垂平野阔，月涌大江流。
风急天高猿啸哀，渚清沙白鸟飞回。无边落木萧萧萧下，不尽长江滚滚滚来。
花近高楼伤客心，万方多难此登临。锦江春色来天地，玉垒浮云变古今。
独怜幽草涧边生，上有黄鹂深树鸣。春潮带雨晚来急，野渡无人舟自横。
天街小雨润如酥，草色遥看近却无。最是一年春好处，绝胜烟柳满皇都。
昔人已乘黄鹤去，此地空余黄鹤楼。黄鹤一去不
================================================================
生成示例「月」#2  (temperature=1.0, top_k=20)
月，家书抵万金。白头搔更短，浑欲不胜簪。
细草微风岸，危樯独夜舟。星垂平野阔，月涌大江流。
风急天高猿啸哀，渚清沙白鸟飞回。无边落木萧萧萧下，不尽长江滚滚滚来。
花近高楼伤客心，万方多难此登临。锦江春色来天地，玉垒浮云变古今。
独怜幽草涧边生，上有黄鹂深树鸣。春潮带雨晚来急，野渡无人舟自横。
天街小雨润如酥，草满皇都。
昔人已乘黄鹤去，此地空余黄鹤楼。黄鹤一去不复返，白云千载空悠悠。
晴川历历汉阳树
已保存 generated_L1_E128_lr0.001.txt
