PyTorch 2.14.0+cpu | 设备: cpu | 线程数: 14
语料 2163 字符 | 词表大小 V = 699
模型参数量: 486,272 | 配置: n_layer=2 n_head=4 n_embd=128 block=128 pos=无
step     1/1000 | loss 6.5992 | 19.67 it/s | 预计剩余 51s
step   100/1000 | loss 1.3873 | 20.04 it/s | 预计剩余 45s
step   200/1000 | loss 0.2281 | 19.72 it/s | 预计剩余 41s
step   300/1000 | loss 0.0928 | 19.54 it/s | 预计剩余 36s
step   400/1000 | loss 0.0696 | 20.00 it/s | 预计剩余 30s
step   500/1000 | loss 0.0451 | 19.88 it/s | 预计剩余 25s
step   600/1000 | loss 0.0416 | 20.14 it/s | 预计剩余 20s
step   700/1000 | loss 0.0348 | 20.12 it/s | 预计剩余 15s
step   800/1000 | loss 0.0276 | 20.42 it/s | 预计剩余 10s
step   900/1000 | loss 0.0312 | 20.51 it/s | 预计剩余 5s
step  1000/1000 | loss 0.0470 | 20.77 it/s | 预计剩余 0s
训练完成，耗时 48.1 秒 = 0.80 分钟 | 初始 loss 6.5992 | 最终 loss 0.0470 | 前 100 步均值 3.4636
已保存 loss_curve_no_pos.png
================================================================
生成示例「春」#1  (temperature=1.0, top_k=20)
春眠不觉晓，处处闻啼鸟。夜来风雨声，花落知多少。
白日依山尽，黄河入海流。欲穷千里目，更上一层楼。
锄禾日当午，汗滴禾下土。谁知盘中餐，粒粒皆辛苦。
离离原上草，一岁一枯荣。野火烧不尽，春风吹又生。
远芳侵古道，晴翠接荒城。又送王孙去，萋萋满别情。
千山鸟飞绝，万径人踪灭。
千山鸟飞绝，后不尽，独钓寒江雪。
鹅，鹅，曲项向天歌。白毛浮绿水，红掌拨清波。
两个黄鹂鸣翠柳，一行白鹭上青天。窗含西岭千秋雪
================================================================
生成示例「春」#2  (temperature=1.0, top_k=20)
春眠不觉晓，处处姓家。
吟闻啼鸟。夜泊秦淮近酒家。商女不知亡国恨，隔江犹唱后庭花。
折戟沉沙铁未销，自将磨洗认前朝。东风不与周郎便，铜雀春深锁二乔。
巴山楚水凄凉地，二十三年弃置身。怀旧空吟闻笛赋，到乡翻似烂柯人。
沉舟侧畔千帆过，病树前头万木春。今日听君歌一曲，暂凭杯酒长精神。
朱雀桥边野草花，暂凭杯酒长精神。
朱雀桥边野草花，乌衣巷口夕阳斜。旧时王谢堂前燕，飞入寻常百姓家。
湖光秋月两相和，潭面
================================================================
生成示例「月」#1  (temperature=1.0, top_k=20)
月微风光不胜簪。
细草微风岸，危樯独夜舟。星垂平野阔，月涌大江流。
风急天高猿啸哀，渚清沙白鸟飞回。无边落木萧萧下，不尽长江滚来。
花近高楼伤客心，万方多难此登临。锦江春色来天地，玉垒浮云变古今。
独怜幽草涧边生，上有黄鹂深树鸣。春潮带雨晚来急，野渡无人舟自横。
天街小雨润如酥，草色遥看近却无。最是一年春好处，绝胜烟柳满皇都。
昔人已乘黄鹤去，此地空余黄鹤楼。黄鹤一去不复返，白云千载空悠悠。
晴川历
================================================================
生成示例「月」#2  (temperature=1.0, top_k=20)
月出惊心在玉关情。
弹琴复长啸。
君自故乡来，平明月来，冰心，应知故乡事。来日绮窗前，寒梅著花未。
山中相送罢，日暮掩柴扉。春草明年绿，王孙归不归。
山中相亲。
山中相亲。
山中相亲。举杯邀明月，王孙归。
花间一壶酒，独酌无相亲。举杯邀明月，对影成三人。
小时不识月，呼作白玉盘。又疑瑶台镜，飞在青云端。问，万户捣衣声。秋风吹不尽，总是玉关情。
弃我去者，昨日之日不可留。乱我心者，今日多烦忧。
抽刀断
已保存 generated_no_pos.txt
