PyTorch 2.14.0+cu130 | 设备: cuda | GPU: NVIDIA GeForce RTX 5060 Ti | capability sm_120
语料 2163 字符 | 词表大小 V = 699
模型参数量: 502,656 | 配置: n_layer=2 n_head=4 n_embd=128 block=128 pos=有
step     1/2000 | loss 6.5626 | 2.34 it/s | 预计剩余 856s
step   100/2000 | loss 1.4693 | 113.44 it/s | 预计剩余 17s
step   200/2000 | loss 0.1524 | 144.52 it/s | 预计剩余 12s
step   300/2000 | loss 0.0766 | 157.72 it/s | 预计剩余 11s
step   400/2000 | loss 0.0721 | 165.39 it/s | 预计剩余 10s
step   500/2000 | loss 0.0451 | 171.16 it/s | 预计剩余 9s
step   600/2000 | loss 0.0444 | 175.17 it/s | 预计剩余 8s
step   700/2000 | loss 0.0409 | 179.42 it/s | 预计剩余 7s
step   800/2000 | loss 0.0284 | 179.94 it/s | 预计剩余 7s
step   900/2000 | loss 0.0331 | 181.59 it/s | 预计剩余 6s
step  1000/2000 | loss 0.0250 | 182.12 it/s | 预计剩余 5s
step  1100/2000 | loss 0.0344 | 182.87 it/s | 预计剩余 5s
step  1200/2000 | loss 0.0339 | 184.19 it/s | 预计剩余 4s
step  1300/2000 | loss 0.0302 | 185.23 it/s | 预计剩余 4s
step  1400/2000 | loss 0.0277 | 185.61 it/s | 预计剩余 3s
step  1500/2000 | loss 0.0253 | 186.20 it/s | 预计剩余 3s
step  1600/2000 | loss 0.0228 | 186.33 it/s | 预计剩余 2s
step  1700/2000 | loss 0.0279 | 186.65 it/s | 预计剩余 2s
step  1800/2000 | loss 0.0232 | 186.66 it/s | 预计剩余 1s
step  1900/2000 | loss 0.0199 | 187.11 it/s | 预计剩余 1s
step  2000/2000 | loss 0.0260 | 187.43 it/s | 预计剩余 0s
训练完成，耗时 10.7 秒 = 0.18 分钟 | 初始 loss 6.5626 | 最终 loss 0.0260 | 前 100 步均值 3.6146
已保存 loss_curve_L2_E128_lr0.001.png
================================================================
生成示例「春」#1  (temperature=1.0, top_k=20)
春来发几枝。愿君多采撷，此物最相思。
独坐幽篁里，弹琴复长啸。深林人不知，明月来相照。
君自故乡来，应知故乡事。来日绮窗前，寒梅著花未。
山中相送罢，日暮掩柴扉。春草明年绿，王孙归不归。
花间一壶酒，独酌无相亲。举杯邀明月，对影成三人。
小时不识月，呼作白玉盘。又疑瑶台镜，飞在青云端。
长安一片月，万户捣衣声。秋风吹不尽，总是玉关情。
弃我去者，昨日之日不可留。乱我心者，今日之日多烦忧。
抽刀断水水
================================================================
生成示例「春」#2  (temperature=1.0, top_k=20)
春来发几枝。愿君多采撷，此物最相思。
独坐幽篁里，弹琴复长啸。深林人不知，明月来相照。
君自故乡来，应知故乡事。来日绮窗前，寒梅著花未。
独坐幽篁里，弹琴复长啸。深林人不知，明月来相照。
君自故乡来日绮窗前，寒梅著花未。
山中相送罢，日暮掩柴扉。春草明年绿，王孙归不归。
花间一壶酒，独酌无相亲。举杯邀明月，对影成三人。
小时不识月，呼作白玉盘。又疑瑶台镜，飞在青云端。
长安一片月，万户捣衣声。秋风吹
================================================================
生成示例「月」#1  (temperature=1.0, top_k=20)
月渐东上。散发乘夕凉，开轩卧闲敞。
荷笠带斜阳，青山独归远。苍苍竹林寺，杳杳钟声晚。
空山不见人，但闻人语响。返景入深林，复照青苔上。
人闲桂花落，夜静春山空。月出惊山鸟，时鸣春涧中。
红豆生南国，春来发几枝。愿君多采撷，此物最相思。
独坐幽篁里，弹琴复长啸。深林人不知，明月来相照。
君自故乡来，应知故乡事。来日绮窗前，寒梅著花未。
山中相送罢，日暮掩柴扉。春草明年绿，王孙归不归。
花间一壶酒，独酌
================================================================
生成示例「月」#2  (temperature=1.0, top_k=20)
月，留客足鸡豚。
纸上得来终觉浅，绝知此事要躬行。古人学问无遗力，少壮功夫老始成。
死去元知万事空，但悲不见九州同。王师北定中原日，家祭无忘告乃翁。
小荷才露尖尖角，早有蜻蜓立上头。泉眼无声惜细流，树阴照水爱晴柔。
接天莲叶无穷碧，映日荷花别样红。毕竟西湖六月中，风光不与四时同。
胜日寻芳泗水滨，无边光景一时新。等闲识得东风面，万紫千红总是春。
半亩方塘一鉴开，天光云影共徘徊。问渠那得清如许，为有源
已保存 generated_L2_E128_lr0.001.txt
